Modules list:
-------------
main.o:
    CODE              Offs=000000  Size=000026  Align=00001  Fill=0000
ram_disk.o:
    CODE              Offs=000026  Size=0003F2  Align=00001  Fill=0000
    RODATA            Offs=000000  Size=0002EA  Align=00001  Fill=0000
spi.o:
    CODE              Offs=000418  Size=000036  Align=00001  Fill=0000
acia.o:
    CODE              Offs=00044E  Size=00006E  Align=00001  Fill=0000
    ZEROPAGE          Offs=000000  Size=000001  Align=00001  Fill=0000
gameduino.o:
    CODE              Offs=0004BC  Size=00045C  Align=00001  Fill=0000
    BSS               Offs=000000  Size=000001  Align=00001  Fill=0000
    DATA              Offs=000000  Size=000310  Align=00001  Fill=0000
interrupts.o:
    CODE              Offs=000918  Size=00000C  Align=00001  Fill=0000
vectors.o:
    VECTORS           Offs=000000  Size=000006  Align=00001  Fill=0000
..\library\p65.lib(addeqsp.o):
    CODE              Offs=000924  Size=000011  Align=00001  Fill=0000
..\library\p65.lib(addysp.o):
    CODE              Offs=000935  Size=00000E  Align=00001  Fill=0000
..\library\p65.lib(aslax1.o):
    CODE              Offs=000943  Size=000008  Align=00001  Fill=0000
..\library\p65.lib(aslax2.o):
    CODE              Offs=00094B  Size=00000B  Align=00001  Fill=0000
..\library\p65.lib(aslax3.o):
    CODE              Offs=000956  Size=00000E  Align=00001  Fill=0000
..\library\p65.lib(aslax4.o):
    CODE              Offs=000964  Size=000011  Align=00001  Fill=0000
..\library\p65.lib(condes.o):
    CODE              Offs=000975  Size=00000C  Align=00001  Fill=0000
    DATA              Offs=000310  Size=000025  Align=00001  Fill=0000
    ONCE              Offs=000000  Size=00000C  Align=00001  Fill=0000
..\library\p65.lib(copydata.o):
    CODE              Offs=000981  Size=00002D  Align=00001  Fill=0000
..\library\p65.lib(crt0.o):
    STARTUP           Offs=000000  Size=00001C  Align=00001  Fill=0000
..\library\p65.lib(decax1.o):
    CODE              Offs=0009AE  Size=000007  Align=00001  Fill=0000
..\library\p65.lib(decsp1.o):
    CODE              Offs=0009B5  Size=000009  Align=00001  Fill=0000
..\library\p65.lib(decsp2.o):
    CODE              Offs=0009BE  Size=00000D  Align=00001  Fill=0000
..\library\p65.lib(incax1.o):
    CODE              Offs=0009CB  Size=000005  Align=00001  Fill=0000
..\library\p65.lib(incsp2.o):
    CODE              Offs=0009D0  Size=000015  Align=00001  Fill=0000
..\library\p65.lib(incsp3.o):
    CODE              Offs=0009E5  Size=000005  Align=00001  Fill=0000
..\library\p65.lib(incsp4.o):
    CODE              Offs=0009EA  Size=000005  Align=00001  Fill=0000
..\library\p65.lib(incsp5.o):
    CODE              Offs=0009EF  Size=000005  Align=00001  Fill=0000
..\library\p65.lib(incsp8.o):
    CODE              Offs=0009F4  Size=000005  Align=00001  Fill=0000
..\library\p65.lib(ldaxsp.o):
    CODE              Offs=0009F9  Size=000009  Align=00001  Fill=0000
..\library\p65.lib(or.o):
    CODE              Offs=000A02  Size=000011  Align=00001  Fill=0000
..\library\p65.lib(pusha.o):
    CODE              Offs=000A13  Size=000016  Align=00001  Fill=0000
..\library\p65.lib(pushax.o):
    CODE              Offs=000A29  Size=00001A  Align=00001  Fill=0000
..\library\p65.lib(staxsp.o):
    CODE              Offs=000A43  Size=00000B  Align=00001  Fill=0000
..\library\p65.lib(subeqsp.o):
    CODE              Offs=000A4E  Size=000015  Align=00001  Fill=0000
..\library\p65.lib(zerobss.o):
    CODE              Offs=000A63  Size=000023  Align=00001  Fill=0000
..\library\p65.lib(zeropage.o):
    ZEROPAGE          Offs=000001  Size=00001A  Align=00001  Fill=0000


Segment list:
-------------
Name                   Start     End    Size  Align
----------------------------------------------------
ZEROPAGE              000000  00001A  00001B  00001
DATA                  000200  000534  000335  00001
BSS                   000535  000535  000001  00001
STARTUP               006335  006350  00001C  00001
ONCE                  006351  00635C  00000C  00001
CODE                  00635D  006DE2  000A86  00001
RODATA                006DE3  0070CC  0002EA  00001
VECTORS               007FFA  007FFF  000006  00001


Exports list by name:
---------------------
_GD_Init                  00681C RLA    _GD_putstr                006A1B RLA    
__BSS_RUN__               000535 RLA    __BSS_SIZE__              000001 REA    
__CONSTRUCTOR_COUNT__     000000 REA    __CONSTRUCTOR_TABLE__     006351 RLA    
__DATA_LOAD__             006000 RLA    __DATA_RUN__              000200 RLA    
__DATA_SIZE__             000335 REA    __DESTRUCTOR_COUNT__      000000 REA    
__DESTRUCTOR_TABLE__      006351 RLA    __RAM_SIZE__              005DFF REA    
__RAM_START__             000200 RLA    _acia_getc                0067EB RLA    
_acia_init                0067AB RLA    _acia_put_newline         0067E3 RLA    
_acia_putc                0067B8 RLA    _acia_puts                0067C8 RLA    
_bootloader_              0065B2 RLA    _init                     006335 RLA    
_irq_int                  006C76 RLA    _main                     006373 RLA    
_nmi_int                  006C75 RLA    _spi_begin                006798 RLA    
_spi_end                  00679E RLA    _spi_read                 006791 RLA    
_spi_write                00677B RLA    _spi_write_16             006782 RLA    
addeq0sp                  006C81 RLA    addysp                    006C93 RLA    
addysp1                   006C92 RLA    aslax1                    006CA0 RLA    
aslax2                    006CA8 RLA    aslax3                    006CB3 RLA    
aslax4                    006CC1 RLA    copydata                  006CDE RLA    
decax1                    006D0B RLA    decsp1                    006D12 RLA    
decsp2                    006D1B RLA    donelib                   006CD2 RLA    
incax1                    006D28 RLA    incsp2                    006D34 RLA    
incsp3                    006D42 RLA    incsp4                    006D47 RLA    
incsp5                    006D4C RLA    incsp8                    006D51 RLA    
initlib                   006351 RLA    ldax0sp                   006D56 RLA    
ldaxysp                   006D58 RLA    ptr1                      000009 RLZ    
ptr2                      00000B RLZ    push0                     006D86 RLA    
pusha                     006D74 RLA    pusha0                    006D88 RLA    
pushax                    006D8A RLA    regsave                   000005 RLZ    
sp                        000001 RLZ    stax0sp                   006DA0 RLA    
subeqysp                  006DAD RLA    tmp1                      000011 RLZ    
tmp2                      000012 RLZ    tmp3                      000013 RLZ    
tosorax                   006D61 RLA    zerobss                   006DC0 RLA    



Exports list by value:
----------------------
__DESTRUCTOR_COUNT__      000000 REA    __CONSTRUCTOR_COUNT__     000000 REA    
__BSS_SIZE__              000001 REA    sp                        000001 RLZ    
regsave                   000005 RLZ    ptr1                      000009 RLZ    
ptr2                      00000B RLZ    tmp1                      000011 RLZ    
tmp2                      000012 RLZ    tmp3                      000013 RLZ    
__DATA_RUN__              000200 RLA    __RAM_START__             000200 RLA    
__DATA_SIZE__             000335 REA    __BSS_RUN__               000535 RLA    
__RAM_SIZE__              005DFF REA    __DATA_LOAD__             006000 RLA    
_init                     006335 RLA    __DESTRUCTOR_TABLE__      006351 RLA    
__CONSTRUCTOR_TABLE__     006351 RLA    initlib                   006351 RLA    
_main                     006373 RLA    _bootloader_              0065B2 RLA    
_spi_write                00677B RLA    _spi_write_16             006782 RLA    
_spi_read                 006791 RLA    _spi_begin                006798 RLA    
_spi_end                  00679E RLA    _acia_init                0067AB RLA    
_acia_putc                0067B8 RLA    _acia_puts                0067C8 RLA    
_acia_put_newline         0067E3 RLA    _acia_getc                0067EB RLA    
_GD_Init                  00681C RLA    _GD_putstr                006A1B RLA    
_nmi_int                  006C75 RLA    _irq_int                  006C76 RLA    
addeq0sp                  006C81 RLA    addysp1                   006C92 RLA    
addysp                    006C93 RLA    aslax1                    006CA0 RLA    
aslax2                    006CA8 RLA    aslax3                    006CB3 RLA    
aslax4                    006CC1 RLA    donelib                   006CD2 RLA    
copydata                  006CDE RLA    decax1                    006D0B RLA    
decsp1                    006D12 RLA    decsp2                    006D1B RLA    
incax1                    006D28 RLA    incsp2                    006D34 RLA    
incsp3                    006D42 RLA    incsp4                    006D47 RLA    
incsp5                    006D4C RLA    incsp8                    006D51 RLA    
ldax0sp                   006D56 RLA    ldaxysp                   006D58 RLA    
tosorax                   006D61 RLA    pusha                     006D74 RLA    
push0                     006D86 RLA    pusha0                    006D88 RLA    
pushax                    006D8A RLA    stax0sp                   006DA0 RLA    
subeqysp                  006DAD RLA    zerobss                   006DC0 RLA    



Imports list:
-------------
_GD_Init (gameduino.o):
    main.o                    main.asm(3)
_GD_putstr (gameduino.o):
    ram_disk.o                ram_disk.asm(273)
__BSS_RUN__ ([linker generated]):
    zerobss.o                 common/zerobss.s(8)
__BSS_SIZE__ ([linker generated]):
    zerobss.o                 common/zerobss.s(8)
__CONSTRUCTOR_COUNT__ ([linker generated]):
    condes.o                  runtime/condes.s(18)
__CONSTRUCTOR_TABLE__ ([linker generated]):
    condes.o                  runtime/condes.s(18)
__DATA_LOAD__ ([linker generated]):
    copydata.o                common/copydata.s(8)
__DATA_RUN__ ([linker generated]):
    copydata.o                common/copydata.s(8)
__DATA_SIZE__ ([linker generated]):
    copydata.o                common/copydata.s(8)
__DESTRUCTOR_COUNT__ ([linker generated]):
    condes.o                  runtime/condes.s(19)
__DESTRUCTOR_TABLE__ ([linker generated]):
    condes.o                  runtime/condes.s(19)
__RAM_SIZE__ ([linker generated]):
    crt0.o                    .\src\crt0.s(11)
__RAM_START__ ([linker generated]):
    crt0.o                    .\src\crt0.s(11)
_acia_getc (acia.o):
    ram_disk.o                ram_disk.asm(15)
_acia_init (acia.o):
    main.o                    main.asm(19)
_acia_put_newline (acia.o):
    ram_disk.o                ram_disk.asm(18)
_acia_putc (acia.o):
    interrupts.o              interrupts.asm(11)
    ram_disk.o                ram_disk.asm(14)
    main.o                    main.asm(20)
_acia_puts (acia.o):
    ram_disk.o                ram_disk.asm(16)
_bootloader_ (ram_disk.o):
    main.o                    main.asm(28)
_init (crt0.o):
    vectors.o                 vectors.asm(7)
_irq_int (interrupts.o):
    vectors.o                 vectors.asm(9)
_main (main.o):
    crt0.o                    .\src\crt0.s(8)
_nmi_int (interrupts.o):
    vectors.o                 vectors.asm(8)
_spi_begin (spi.o):
    gameduino.o               gameduino.asm(32)
_spi_end (spi.o):
    gameduino.o               gameduino.asm(33)
_spi_read (spi.o):
    gameduino.o               gameduino.asm(34)
_spi_write (spi.o):
    gameduino.o               gameduino.asm(31)
_spi_write_16 (spi.o):
    gameduino.o               gameduino.asm(30)
addeq0sp (addeqsp.o):
    gameduino.o               gameduino.asm(1553)
    gameduino.o               gameduino.asm(1553)
    gameduino.o               gameduino.asm(1553)
addysp (addysp.o):
    incsp8.o                  runtime/incsp8.s(8)
    incsp5.o                  runtime/incsp5.s(8)
    incsp4.o                  runtime/incsp4.s(8)
    incsp3.o                  runtime/incsp3.s(8)
    gameduino.o               gameduino.asm(1553)
addysp1 (addysp.o):
    or.o                      runtime/or.s(9)
aslax1 (aslax1.o):
    gameduino.o               gameduino.asm(1553)
aslax2 (aslax2.o):
    gameduino.o               gameduino.asm(1553)
    gameduino.o               gameduino.asm(1553)
    gameduino.o               gameduino.asm(1553)
aslax3 (aslax3.o):
    gameduino.o               gameduino.asm(1553)
aslax4 (aslax4.o):
    gameduino.o               gameduino.asm(1553)
    gameduino.o               gameduino.asm(1553)
    gameduino.o               gameduino.asm(1553)
copydata (copydata.o):
    crt0.o                    .\src\crt0.s(13)
decax1 (decax1.o):
    gameduino.o               gameduino.asm(1553)
decsp1 (decsp1.o):
    gameduino.o               gameduino.asm(1553)
    gameduino.o               gameduino.asm(1553)
decsp2 (decsp2.o):
    gameduino.o               gameduino.asm(1553)
donelib (condes.o):
    crt0.o                    .\src\crt0.s(13)
incax1 (incax1.o):
    gameduino.o               gameduino.asm(1553)
    gameduino.o               gameduino.asm(1553)
incsp2 (incsp2.o):
    gameduino.o               gameduino.asm(1553)
    gameduino.o               gameduino.asm(1553)
    gameduino.o               gameduino.asm(1553)
    gameduino.o               gameduino.asm(1553)
incsp3 (incsp3.o):
    gameduino.o               gameduino.asm(1553)
    gameduino.o               gameduino.asm(1553)
    gameduino.o               gameduino.asm(1553)
    gameduino.o               gameduino.asm(1553)
    gameduino.o               gameduino.asm(1553)
    gameduino.o               gameduino.asm(1553)
incsp4 (incsp4.o):
    gameduino.o               gameduino.asm(1553)
    gameduino.o               gameduino.asm(1553)
incsp5 (incsp5.o):
    gameduino.o               gameduino.asm(1553)
incsp8 (incsp8.o):
    gameduino.o               gameduino.asm(1553)
initlib (condes.o):
    crt0.o                    .\src\crt0.s(13)
ldax0sp (ldaxsp.o):
    gameduino.o               gameduino.asm(1553)
    gameduino.o               gameduino.asm(1553)
    gameduino.o               gameduino.asm(1553)
    gameduino.o               gameduino.asm(1553)
    gameduino.o               gameduino.asm(1553)
    gameduino.o               gameduino.asm(1553)
    gameduino.o               gameduino.asm(1553)
    gameduino.o               gameduino.asm(1553)
ldaxysp (ldaxsp.o):
    gameduino.o               gameduino.asm(1553)
    gameduino.o               gameduino.asm(1553)
    gameduino.o               gameduino.asm(1553)
    gameduino.o               gameduino.asm(1553)
    gameduino.o               gameduino.asm(1553)
    gameduino.o               gameduino.asm(1553)
    gameduino.o               gameduino.asm(1553)
    gameduino.o               gameduino.asm(1553)
ptr1 (zeropage.o):
    copydata.o                common/copydata.s(9)
    zerobss.o                 common/zerobss.s(9)
    gameduino.o               gameduino.asm(11)
    acia.o                    acia.asm(15)
    ram_disk.o                ram_disk.asm(9)
ptr2 (zeropage.o):
    copydata.o                common/copydata.s(9)
push0 (pushax.o):
    gameduino.o               gameduino.asm(1553)
    gameduino.o               gameduino.asm(1553)
    gameduino.o               gameduino.asm(1553)
pusha (pusha.o):
    gameduino.o               gameduino.asm(1553)
    gameduino.o               gameduino.asm(1553)
    gameduino.o               gameduino.asm(1553)
    gameduino.o               gameduino.asm(1553)
    gameduino.o               gameduino.asm(1553)
    ram_disk.o                ram_disk.asm(273)
pusha0 (pushax.o):
    gameduino.o               gameduino.asm(1553)
pushax (pushax.o):
    gameduino.o               gameduino.asm(1553)
    gameduino.o               gameduino.asm(1553)
    gameduino.o               gameduino.asm(1553)
    gameduino.o               gameduino.asm(1553)
    gameduino.o               gameduino.asm(1553)
    gameduino.o               gameduino.asm(1553)
    gameduino.o               gameduino.asm(1553)
    gameduino.o               gameduino.asm(1553)
    gameduino.o               gameduino.asm(1553)
    gameduino.o               gameduino.asm(1553)
    gameduino.o               gameduino.asm(1553)
regsave (zeropage.o):
    gameduino.o               gameduino.asm(10)
sp (zeropage.o):
    subeqsp.o                 runtime/subeqsp.s(8)
    staxsp.o                  runtime/staxsp.s(8)
    pushax.o                  runtime/pushax.s(8)
    pusha.o                   runtime/pusha.s(8)
    or.o                      runtime/or.s(10)
    ldaxsp.o                  runtime/ldaxsp.s(8)
    incsp2.o                  runtime/incsp2.s(8)
    decsp2.o                  runtime/decsp2.s(8)
    decsp1.o                  runtime/decsp1.s(8)
    crt0.o                    C:\cc65\asminc/zeropage.inc(11)
    addysp.o                  runtime/addysp.s(8)
    addeqsp.o                 runtime/addeqsp.s(8)
    gameduino.o               gameduino.asm(10)
stax0sp (staxsp.o):
    gameduino.o               gameduino.asm(1553)
    gameduino.o               gameduino.asm(1553)
    gameduino.o               gameduino.asm(1553)
    gameduino.o               gameduino.asm(1553)
subeqysp (subeqsp.o):
    gameduino.o               gameduino.asm(1553)
tmp1 (zeropage.o):
    copydata.o                common/copydata.s(9)
    or.o                      runtime/or.s(10)
    aslax4.o                  runtime/aslax4.s(8)
    aslax3.o                  runtime/aslax3.s(8)
    aslax2.o                  runtime/aslax2.s(8)
    aslax1.o                  runtime/aslax1.s(8)
    gameduino.o               gameduino.asm(11)
    spi.o                     spi.asm(4)
tmp2 (zeropage.o):
    spi.o                     spi.asm(4)
tmp3 (zeropage.o):
    spi.o                     spi.asm(4)
tosorax (or.o):
    gameduino.o               gameduino.asm(1553)
zerobss (zerobss.o):
    crt0.o                    .\src\crt0.s(13)

