Modules list:
-------------
main.o:
    CODE              Offs=000000  Size=000029  Align=00001  Fill=0000
ram_disk.o:
    CODE              Offs=000029  Size=0003AF  Align=00001  Fill=0000
    RODATA            Offs=000000  Size=0002DB  Align=00001  Fill=0000
utils.o:
    CODE              Offs=0003D8  Size=000033  Align=00001  Fill=0000
    DATA              Offs=000000  Size=000002  Align=00001  Fill=0000
spi.o:
    CODE              Offs=00040B  Size=000036  Align=00001  Fill=0000
acia.o:
    CODE              Offs=000441  Size=00006E  Align=00001  Fill=0000
    ZEROPAGE          Offs=000000  Size=000001  Align=00001  Fill=0000
gameduino.o:
    CODE              Offs=0004AF  Size=00045C  Align=00001  Fill=0000
    BSS               Offs=000000  Size=000001  Align=00001  Fill=0000
    DATA              Offs=000002  Size=000310  Align=00001  Fill=0000
interrupts.o:
    CODE              Offs=00090B  Size=00000C  Align=00001  Fill=0000
vectors.o:
    VECTORS           Offs=000000  Size=000006  Align=00001  Fill=0000
lcd.o:
    CODE              Offs=000917  Size=000089  Align=00001  Fill=0000
..\library\p65.lib(addeqsp.o):
    CODE              Offs=0009A0  Size=000011  Align=00001  Fill=0000
..\library\p65.lib(addysp.o):
    CODE              Offs=0009B1  Size=00000E  Align=00001  Fill=0000
..\library\p65.lib(aslax1.o):
    CODE              Offs=0009BF  Size=000008  Align=00001  Fill=0000
..\library\p65.lib(aslax2.o):
    CODE              Offs=0009C7  Size=00000B  Align=00001  Fill=0000
..\library\p65.lib(aslax3.o):
    CODE              Offs=0009D2  Size=00000E  Align=00001  Fill=0000
..\library\p65.lib(aslax4.o):
    CODE              Offs=0009E0  Size=000011  Align=00001  Fill=0000
..\library\p65.lib(condes.o):
    CODE              Offs=0009F1  Size=00000C  Align=00001  Fill=0000
    DATA              Offs=000312  Size=000025  Align=00001  Fill=0000
    ONCE              Offs=000000  Size=00000C  Align=00001  Fill=0000
..\library\p65.lib(copydata.o):
    CODE              Offs=0009FD  Size=00002D  Align=00001  Fill=0000
..\library\p65.lib(crt0.o):
    STARTUP           Offs=000000  Size=00001C  Align=00001  Fill=0000
..\library\p65.lib(decax1.o):
    CODE              Offs=000A2A  Size=000007  Align=00001  Fill=0000
..\library\p65.lib(decsp1.o):
    CODE              Offs=000A31  Size=000009  Align=00001  Fill=0000
..\library\p65.lib(decsp2.o):
    CODE              Offs=000A3A  Size=00000D  Align=00001  Fill=0000
..\library\p65.lib(incax1.o):
    CODE              Offs=000A47  Size=000005  Align=00001  Fill=0000
..\library\p65.lib(incsp2.o):
    CODE              Offs=000A4C  Size=000015  Align=00001  Fill=0000
..\library\p65.lib(incsp3.o):
    CODE              Offs=000A61  Size=000005  Align=00001  Fill=0000
..\library\p65.lib(incsp4.o):
    CODE              Offs=000A66  Size=000005  Align=00001  Fill=0000
..\library\p65.lib(incsp5.o):
    CODE              Offs=000A6B  Size=000005  Align=00001  Fill=0000
..\library\p65.lib(incsp8.o):
    CODE              Offs=000A70  Size=000005  Align=00001  Fill=0000
..\library\p65.lib(ldaxsp.o):
    CODE              Offs=000A75  Size=000009  Align=00001  Fill=0000
..\library\p65.lib(or.o):
    CODE              Offs=000A7E  Size=000011  Align=00001  Fill=0000
..\library\p65.lib(pusha.o):
    CODE              Offs=000A8F  Size=000016  Align=00001  Fill=0000
..\library\p65.lib(pushax.o):
    CODE              Offs=000AA5  Size=00001A  Align=00001  Fill=0000
..\library\p65.lib(staxsp.o):
    CODE              Offs=000ABF  Size=00000B  Align=00001  Fill=0000
..\library\p65.lib(subeqsp.o):
    CODE              Offs=000ACA  Size=000015  Align=00001  Fill=0000
..\library\p65.lib(zerobss.o):
    CODE              Offs=000ADF  Size=000023  Align=00001  Fill=0000
..\library\p65.lib(zeropage.o):
    ZEROPAGE          Offs=000001  Size=00001A  Align=00001  Fill=0000


Segment list:
-------------
Name                   Start     End    Size  Align
----------------------------------------------------
ZEROPAGE              000000  00001A  00001B  00001
BSS                   000200  000200  000001  00001
DATA                  008000  008336  000337  00001
STARTUP               008337  008352  00001C  00001
ONCE                  008353  00835E  00000C  00001
CODE                  008500  009001  000B02  00001
RODATA                009002  0092DC  0002DB  00001
VECTORS               00BFFA  00BFFF  000006  00001


Exports list by name:
---------------------
_GD_Init                  0089B2 RLA    _GD_putstr                008BB1 RLA    
__BSS_RUN__               000200 RLA    __BSS_SIZE__              000001 REA    
__CONSTRUCTOR_COUNT__     000000 REA    __CONSTRUCTOR_TABLE__     008353 RLA    
__DATA_LOAD__             008000 RLA    __DATA_RUN__              008000 RLA    
__DATA_SIZE__             000337 REA    __DESTRUCTOR_COUNT__      000000 REA    
__DESTRUCTOR_TABLE__      008353 RLA    __RAM_SIZE__              007DFF REA    
__RAM_START__             000200 RLA    __STARTUP__               000001 REA    
_acia_getc                008981 RLA    _acia_init                008941 RLA    
_acia_put_newline         008979 RLA    _acia_putc                00894E RLA    
_acia_puts                00895E RLA    _bootloader_              008758 RLA    
_init                     008337 RLA    _irq_int                  008E0C RLA    
_lcd_init                 008E17 RLA    _lcd_put_newline          008E3A RLA    
_lcd_puts                 008E7F RLA    _main                     008516 RLA    
_nmi_int                  008E0B RLA    _print_f                  0088D8 RLA    
_spi_begin                00892E RLA    _spi_end                  008934 RLA    
_spi_read                 008927 RLA    _spi_write                008911 RLA    
_spi_write_16             008918 RLA    addeq0sp                  008EA0 RLA    
addysp                    008EB2 RLA    addysp1                   008EB1 RLA    
aslax1                    008EBF RLA    aslax2                    008EC7 RLA    
aslax3                    008ED2 RLA    aslax4                    008EE0 RLA    
copydata                  008EFD RLA    decax1                    008F2A RLA    
decsp1                    008F31 RLA    decsp2                    008F3A RLA    
donelib                   008EF1 RLA    incax1                    008F47 RLA    
incsp2                    008F53 RLA    incsp3                    008F61 RLA    
incsp4                    008F66 RLA    incsp5                    008F6B RLA    
incsp8                    008F70 RLA    initlib                   008353 RLA    
ldax0sp                   008F75 RLA    ldaxysp                   008F77 RLA    
ptr1                      000009 RLZ    ptr2                      00000B RLZ    
push0                     008FA5 RLA    pusha                     008F93 RLA    
pusha0                    008FA7 RLA    pushax                    008FA9 RLA    
regsave                   000005 RLZ    sp                        000001 RLZ    
stax0sp                   008FBF RLA    subeqysp                  008FCC RLA    
tmp1                      000011 RLZ    tmp2                      000012 RLZ    
tmp3                      000013 RLZ    tmp4                      000014 RLZ    
tmpstack                  000000 RLZ    tosorax                   008F80 RLA    
zerobss                   008FDF RLA    


Exports list by value:
----------------------
tmpstack                  000000 RLZ    __DESTRUCTOR_COUNT__      000000 REA    
__CONSTRUCTOR_COUNT__     000000 REA    sp                        000001 RLZ    
__BSS_SIZE__              000001 REA    __STARTUP__               000001 REA    
regsave                   000005 RLZ    ptr1                      000009 RLZ    
ptr2                      00000B RLZ    tmp1                      000011 RLZ    
tmp2                      000012 RLZ    tmp3                      000013 RLZ    
tmp4                      000014 RLZ    __BSS_RUN__               000200 RLA    
__RAM_START__             000200 RLA    __DATA_SIZE__             000337 REA    
__RAM_SIZE__              007DFF REA    __DATA_RUN__              008000 RLA    
__DATA_LOAD__             008000 RLA    _init                     008337 RLA    
__DESTRUCTOR_TABLE__      008353 RLA    initlib                   008353 RLA    
__CONSTRUCTOR_TABLE__     008353 RLA    _main                     008516 RLA    
_bootloader_              008758 RLA    _print_f                  0088D8 RLA    
_spi_write                008911 RLA    _spi_write_16             008918 RLA    
_spi_read                 008927 RLA    _spi_begin                00892E RLA    
_spi_end                  008934 RLA    _acia_init                008941 RLA    
_acia_putc                00894E RLA    _acia_puts                00895E RLA    
_acia_put_newline         008979 RLA    _acia_getc                008981 RLA    
_GD_Init                  0089B2 RLA    _GD_putstr                008BB1 RLA    
_nmi_int                  008E0B RLA    _irq_int                  008E0C RLA    
_lcd_init                 008E17 RLA    _lcd_put_newline          008E3A RLA    
_lcd_puts                 008E7F RLA    addeq0sp                  008EA0 RLA    
addysp1                   008EB1 RLA    addysp                    008EB2 RLA    
aslax1                    008EBF RLA    aslax2                    008EC7 RLA    
aslax3                    008ED2 RLA    aslax4                    008EE0 RLA    
donelib                   008EF1 RLA    copydata                  008EFD RLA    
decax1                    008F2A RLA    decsp1                    008F31 RLA    
decsp2                    008F3A RLA    incax1                    008F47 RLA    
incsp2                    008F53 RLA    incsp3                    008F61 RLA    
incsp4                    008F66 RLA    incsp5                    008F6B RLA    
incsp8                    008F70 RLA    ldax0sp                   008F75 RLA    
ldaxysp                   008F77 RLA    tosorax                   008F80 RLA    
pusha                     008F93 RLA    push0                     008FA5 RLA    
pusha0                    008FA7 RLA    pushax                    008FA9 RLA    
stax0sp                   008FBF RLA    subeqysp                  008FCC RLA    
zerobss                   008FDF RLA    


Imports list:
-------------
_GD_Init (gameduino.o):
    main.o                    main.asm(3)
_GD_putstr (gameduino.o):
    utils.o                   utils.asm(19)
__BSS_RUN__ ([linker generated]):
    zerobss.o                 common/zerobss.s(8)
__BSS_SIZE__ ([linker generated]):
    zerobss.o                 common/zerobss.s(8)
__CONSTRUCTOR_COUNT__ ([linker generated]):
    condes.o                  runtime/condes.s(18)
__CONSTRUCTOR_TABLE__ ([linker generated]):
    condes.o                  runtime/condes.s(18)
__DATA_LOAD__ ([linker generated]):
    copydata.o                common/copydata.s(8)
__DATA_RUN__ ([linker generated]):
    copydata.o                common/copydata.s(8)
__DATA_SIZE__ ([linker generated]):
    copydata.o                common/copydata.s(8)
__DESTRUCTOR_COUNT__ ([linker generated]):
    condes.o                  runtime/condes.s(19)
__DESTRUCTOR_TABLE__ ([linker generated]):
    condes.o                  runtime/condes.s(19)
__RAM_SIZE__ ([linker generated]):
    crt0.o                    .\src\crt0.s(11)
__RAM_START__ ([linker generated]):
    crt0.o                    .\src\crt0.s(11)
__STARTUP__ (crt0.o):
    utils.o                   utils.asm(11)
_acia_getc (acia.o):
    ram_disk.o                ram_disk.asm(14)
_acia_init (acia.o):
    main.o                    main.asm(19)
_acia_put_newline (acia.o):
    utils.o                   utils.asm(14)
    ram_disk.o                ram_disk.asm(17)
_acia_putc (acia.o):
    interrupts.o              interrupts.asm(11)
    ram_disk.o                ram_disk.asm(13)
    main.o                    main.asm(20)
_acia_puts (acia.o):
    utils.o                   utils.asm(13)
    ram_disk.o                ram_disk.asm(15)
_bootloader_ (ram_disk.o):
    main.o                    main.asm(28)
_init (crt0.o):
    vectors.o                 vectors.asm(7)
_irq_int (interrupts.o):
    vectors.o                 vectors.asm(9)
_lcd_init (lcd.o):
    main.o                    main.asm(16)
_lcd_put_newline (lcd.o):
    utils.o                   utils.asm(56)
_lcd_puts (lcd.o):
    utils.o                   utils.asm(56)
_main (main.o):
    crt0.o                    .\src\crt0.s(8)
_nmi_int (interrupts.o):
    vectors.o                 vectors.asm(8)
_print_f (utils.o):
    ram_disk.o                ram_disk.asm(18)
_spi_begin (spi.o):
    gameduino.o               gameduino.asm(32)
_spi_end (spi.o):
    gameduino.o               gameduino.asm(33)
_spi_read (spi.o):
    gameduino.o               gameduino.asm(34)
_spi_write (spi.o):
    gameduino.o               gameduino.asm(31)
_spi_write_16 (spi.o):
    gameduino.o               gameduino.asm(30)
addeq0sp (addeqsp.o):
    gameduino.o               gameduino.asm(1553)
    gameduino.o               gameduino.asm(1553)
    gameduino.o               gameduino.asm(1553)
addysp (addysp.o):
    incsp8.o                  runtime/incsp8.s(8)
    incsp5.o                  runtime/incsp5.s(8)
    incsp4.o                  runtime/incsp4.s(8)
    incsp3.o                  runtime/incsp3.s(8)
    gameduino.o               gameduino.asm(1553)
addysp1 (addysp.o):
    or.o                      runtime/or.s(9)
aslax1 (aslax1.o):
    gameduino.o               gameduino.asm(1553)
aslax2 (aslax2.o):
    gameduino.o               gameduino.asm(1553)
    gameduino.o               gameduino.asm(1553)
    gameduino.o               gameduino.asm(1553)
aslax3 (aslax3.o):
    gameduino.o               gameduino.asm(1553)
aslax4 (aslax4.o):
    gameduino.o               gameduino.asm(1553)
    gameduino.o               gameduino.asm(1553)
    gameduino.o               gameduino.asm(1553)
copydata (copydata.o):
    crt0.o                    .\src\crt0.s(13)
decax1 (decax1.o):
    gameduino.o               gameduino.asm(1553)
decsp1 (decsp1.o):
    gameduino.o               gameduino.asm(1553)
    gameduino.o               gameduino.asm(1553)
decsp2 (decsp2.o):
    gameduino.o               gameduino.asm(1553)
donelib (condes.o):
    crt0.o                    .\src\crt0.s(13)
incax1 (incax1.o):
    gameduino.o               gameduino.asm(1553)
    gameduino.o               gameduino.asm(1553)
incsp2 (incsp2.o):
    gameduino.o               gameduino.asm(1553)
    gameduino.o               gameduino.asm(1553)
    gameduino.o               gameduino.asm(1553)
    gameduino.o               gameduino.asm(1553)
    utils.o                   utils.asm(56)
incsp3 (incsp3.o):
    gameduino.o               gameduino.asm(1553)
    gameduino.o               gameduino.asm(1553)
    gameduino.o               gameduino.asm(1553)
    gameduino.o               gameduino.asm(1553)
    gameduino.o               gameduino.asm(1553)
    gameduino.o               gameduino.asm(1553)
incsp4 (incsp4.o):
    gameduino.o               gameduino.asm(1553)
    gameduino.o               gameduino.asm(1553)
incsp5 (incsp5.o):
    gameduino.o               gameduino.asm(1553)
incsp8 (incsp8.o):
    gameduino.o               gameduino.asm(1553)
initlib (condes.o):
    crt0.o                    .\src\crt0.s(13)
ldax0sp (ldaxsp.o):
    gameduino.o               gameduino.asm(1553)
    gameduino.o               gameduino.asm(1553)
    gameduino.o               gameduino.asm(1553)
    gameduino.o               gameduino.asm(1553)
    gameduino.o               gameduino.asm(1553)
    gameduino.o               gameduino.asm(1553)
    gameduino.o               gameduino.asm(1553)
    gameduino.o               gameduino.asm(1553)
    utils.o                   utils.asm(56)
ldaxysp (ldaxsp.o):
    gameduino.o               gameduino.asm(1553)
    gameduino.o               gameduino.asm(1553)
    gameduino.o               gameduino.asm(1553)
    gameduino.o               gameduino.asm(1553)
    gameduino.o               gameduino.asm(1553)
    gameduino.o               gameduino.asm(1553)
    gameduino.o               gameduino.asm(1553)
    gameduino.o               gameduino.asm(1553)
    utils.o                   utils.asm(56)
ptr1 (zeropage.o):
    copydata.o                common/copydata.s(9)
    zerobss.o                 common/zerobss.s(9)
    lcd.o                     lcd.asm(13)
    gameduino.o               gameduino.asm(11)
    acia.o                    acia.asm(15)
    ram_disk.o                ram_disk.asm(8)
ptr2 (zeropage.o):
    copydata.o                common/copydata.s(9)
push0 (pushax.o):
    gameduino.o               gameduino.asm(1553)
    gameduino.o               gameduino.asm(1553)
    gameduino.o               gameduino.asm(1553)
pusha (pusha.o):
    gameduino.o               gameduino.asm(1553)
    gameduino.o               gameduino.asm(1553)
    gameduino.o               gameduino.asm(1553)
    gameduino.o               gameduino.asm(1553)
    gameduino.o               gameduino.asm(1553)
    utils.o                   utils.asm(56)
pusha0 (pushax.o):
    gameduino.o               gameduino.asm(1553)
pushax (pushax.o):
    gameduino.o               gameduino.asm(1553)
    gameduino.o               gameduino.asm(1553)
    gameduino.o               gameduino.asm(1553)
    gameduino.o               gameduino.asm(1553)
    gameduino.o               gameduino.asm(1553)
    gameduino.o               gameduino.asm(1553)
    gameduino.o               gameduino.asm(1553)
    gameduino.o               gameduino.asm(1553)
    gameduino.o               gameduino.asm(1553)
    gameduino.o               gameduino.asm(1553)
    gameduino.o               gameduino.asm(1553)
    utils.o                   utils.asm(56)
regsave (zeropage.o):
    gameduino.o               gameduino.asm(10)
sp (zeropage.o):
    subeqsp.o                 runtime/subeqsp.s(8)
    staxsp.o                  runtime/staxsp.s(8)
    pushax.o                  runtime/pushax.s(8)
    pusha.o                   runtime/pusha.s(8)
    or.o                      runtime/or.s(10)
    ldaxsp.o                  runtime/ldaxsp.s(8)
    incsp2.o                  runtime/incsp2.s(8)
    decsp2.o                  runtime/decsp2.s(8)
    decsp1.o                  runtime/decsp1.s(8)
    crt0.o                    C:\cc65\asminc/zeropage.inc(11)
    addysp.o                  runtime/addysp.s(8)
    addeqsp.o                 runtime/addeqsp.s(8)
    gameduino.o               gameduino.asm(10)
stax0sp (staxsp.o):
    gameduino.o               gameduino.asm(1553)
    gameduino.o               gameduino.asm(1553)
    gameduino.o               gameduino.asm(1553)
    gameduino.o               gameduino.asm(1553)
subeqysp (subeqsp.o):
    gameduino.o               gameduino.asm(1553)
tmp1 (zeropage.o):
    copydata.o                common/copydata.s(9)
    or.o                      runtime/or.s(10)
    aslax4.o                  runtime/aslax4.s(8)
    aslax3.o                  runtime/aslax3.s(8)
    aslax2.o                  runtime/aslax2.s(8)
    aslax1.o                  runtime/aslax1.s(8)
    gameduino.o               gameduino.asm(11)
    spi.o                     spi.asm(4)
tmp2 (zeropage.o):
    spi.o                     spi.asm(4)
tmp3 (zeropage.o):
    spi.o                     spi.asm(4)
tmp4 (zeropage.o):
    lcd.o                     lcd.asm(13)
    ram_disk.o                ram_disk.asm(8)
tmpstack (acia.o):
    lcd.o                     lcd.asm(14)
tosorax (or.o):
    gameduino.o               gameduino.asm(1553)
zerobss (zerobss.o):
    crt0.o                    .\src\crt0.s(13)

